[   0.0s] loading gold from runs/encoder_gold_v4b.jsonl
[   0.3s] 987 gold records
[   0.3s] holdout mode: 98 held-out sentences, pool=791, train subset=150 (subset_seed=0)
[   0.3s] loading USVS from /home/user/NAOMI/consciousness_transformer/data/usvs
[  17.5s] USVS loaded: 117679 senses, d_axes=607
[  17.5s] pos_vocab=15 role_vocab=39
[  17.5s] policy params: 199,302 (~0.797 MB fp32)
[  17.5s] building features + derivations for 150 train records
[  17.6s] 150 teacher-forced derivations
[  17.6s] dev-holdout eval targets from runs/encoder_gold_v4b.jsonl: matched=98 missing=0
[  21.1s] epoch 0 step 50 avg_loss=87.465
[  22.1s] epoch 0 step 100 avg_loss=82.646
[  23.0s] epoch 0 step 150 avg_loss=76.630
[  23.0s] === epoch 0 done: avg_loss=76.630 (n=150 derivations) ===
[  24.0s] epoch 1 step 200 avg_loss=63.003
[  24.9s] epoch 1 step 250 avg_loss=63.707
[  26.0s] epoch 1 step 300 avg_loss=61.247
[  26.0s] === epoch 1 done: avg_loss=61.247 (n=150 derivations) ===
[  26.9s] epoch 2 step 350 avg_loss=47.870
[  28.0s] epoch 2 step 400 avg_loss=52.041
[  29.0s] epoch 2 step 450 avg_loss=52.270
[  29.0s] === epoch 2 done: avg_loss=52.270 (n=150 derivations) ===
[  30.0s] epoch 3 step 500 avg_loss=51.899
[  30.9s] epoch 3 step 550 avg_loss=47.362
[  31.9s] epoch 3 step 600 avg_loss=47.108
[  31.9s] === epoch 3 done: avg_loss=47.108 (n=150 derivations) ===
[  33.0s] epoch 4 step 650 avg_loss=45.499
[  33.9s] epoch 4 step 700 avg_loss=43.145
[  35.0s] epoch 4 step 750 avg_loss=43.364
[ 121.3s] eval step=50 train_avg_loss=43.364 dev_rank1_f1=nan dev_edge_p=0.0000 dev_edge_r=0.0000
[ 121.3s] === epoch 4 done: avg_loss=43.364 (n=150 derivations) ===
[ 122.3s] epoch 5 step 800 avg_loss=38.286
[ 123.4s] epoch 5 step 850 avg_loss=39.368
[ 124.6s] epoch 5 step 900 avg_loss=40.235
[ 124.6s] === epoch 5 done: avg_loss=40.235 (n=150 derivations) ===
[ 125.7s] epoch 6 step 950 avg_loss=35.894
[ 126.8s] epoch 6 step 1000 avg_loss=38.247
[ 127.8s] epoch 6 step 1050 avg_loss=37.597
[ 127.8s] === epoch 6 done: avg_loss=37.597 (n=150 derivations) ===
[ 128.9s] epoch 7 step 1100 avg_loss=41.346
[ 130.0s] epoch 7 step 1150 avg_loss=39.190
[ 131.1s] epoch 7 step 1200 avg_loss=35.671
[ 131.1s] === epoch 7 done: avg_loss=35.671 (n=150 derivations) ===
[ 132.1s] epoch 8 step 1250 avg_loss=32.265
[ 133.1s] epoch 8 step 1300 avg_loss=33.513
[ 134.3s] epoch 8 step 1350 avg_loss=34.171
[ 134.3s] === epoch 8 done: avg_loss=34.171 (n=150 derivations) ===
[ 135.4s] epoch 9 step 1400 avg_loss=36.386
[ 136.3s] epoch 9 step 1450 avg_loss=33.917
[ 137.4s] epoch 9 step 1500 avg_loss=32.834
[ 177.8s] eval step=100 train_avg_loss=32.834 dev_rank1_f1=0.0806 dev_edge_p=0.1252 dev_edge_r=0.0594
[ 177.8s] === epoch 9 done: avg_loss=32.834 (n=150 derivations) ===
[ 178.9s] epoch 10 step 1550 avg_loss=31.844
[ 179.8s] epoch 10 step 1600 avg_loss=32.587
[ 180.8s] epoch 10 step 1650 avg_loss=31.540
[ 180.8s] === epoch 10 done: avg_loss=31.540 (n=150 derivations) ===
[ 181.9s] epoch 11 step 1700 avg_loss=31.578
[ 182.8s] epoch 11 step 1750 avg_loss=32.422
[ 183.7s] epoch 11 step 1800 avg_loss=30.370
[ 183.7s] === epoch 11 done: avg_loss=30.370 (n=150 derivations) ===
[ 184.7s] epoch 12 step 1850 avg_loss=30.817
[ 185.7s] epoch 12 step 1900 avg_loss=31.481
[ 186.5s] epoch 12 step 1950 avg_loss=29.365
[ 186.5s] === epoch 12 done: avg_loss=29.365 (n=150 derivations) ===
[ 187.6s] epoch 13 step 2000 avg_loss=30.823
[ 188.6s] epoch 13 step 2050 avg_loss=29.499
[ 189.6s] epoch 13 step 2100 avg_loss=28.465
[ 189.6s] === epoch 13 done: avg_loss=28.465 (n=150 derivations) ===
[ 190.6s] epoch 14 step 2150 avg_loss=28.400
[ 191.6s] epoch 14 step 2200 avg_loss=30.091
[ 192.5s] epoch 14 step 2250 avg_loss=27.568
[ 194.5s] eval step=150 train_avg_loss=27.568 dev_rank1_f1=0.2491 dev_edge_p=0.3361 dev_edge_r=0.1979
[ 194.5s] === epoch 14 done: avg_loss=27.568 (n=150 derivations) ===
[ 195.5s] epoch 15 step 2300 avg_loss=25.186
[ 196.5s] epoch 15 step 2350 avg_loss=26.593
[ 197.5s] epoch 15 step 2400 avg_loss=26.742
[ 197.5s] === epoch 15 done: avg_loss=26.742 (n=150 derivations) ===
[ 198.7s] epoch 16 step 2450 avg_loss=31.530
[ 199.7s] epoch 16 step 2500 avg_loss=28.559
[ 200.6s] epoch 16 step 2550 avg_loss=25.926
[ 200.7s] === epoch 16 done: avg_loss=25.926 (n=150 derivations) ===
[ 201.7s] epoch 17 step 2600 avg_loss=24.986
[ 202.8s] epoch 17 step 2650 avg_loss=25.251
[ 203.8s] epoch 17 step 2700 avg_loss=25.160
[ 203.8s] === epoch 17 done: avg_loss=25.160 (n=150 derivations) ===
[ 204.8s] epoch 18 step 2750 avg_loss=23.333
[ 205.9s] epoch 18 step 2800 avg_loss=25.177
[ 206.8s] epoch 18 step 2850 avg_loss=24.386
[ 206.8s] === epoch 18 done: avg_loss=24.386 (n=150 derivations) ===
[ 207.9s] epoch 19 step 2900 avg_loss=24.608
[ 208.8s] epoch 19 step 2950 avg_loss=23.816
[ 209.7s] epoch 19 step 3000 avg_loss=23.645
[ 210.6s] eval step=200 train_avg_loss=23.645 dev_rank1_f1=0.2809 dev_edge_p=0.3453 dev_edge_r=0.2368
[ 210.6s] === epoch 19 done: avg_loss=23.645 (n=150 derivations) ===
[ 210.6s] training wall-clock: 190.9s (stopped_early=True)
[ 210.6s] max-steps budget: optimizer_steps=200 (cap=200, stop_reason=max_steps) epoch_fraction=21.333 throughput=1.0476 steps/s (0.9546 s/step)
[ 210.6s] wrote 4 curve rows -> runs/smoke/smoke_default.pt.curve.tsv
[ 210.6s] holdout eval targets from runs/encoder_gold_v4b.jsonl: matched=98 missing=0
[ 210.6s] evaluating [last] (model policy) ...
[ 349.6s] [last] holdout (best-of-6 + rank1 + forest width): {'sense_recall': 0.6528735632183909, 'slot_recall': 0.6567164179104478, 'structure_recall': 0.05102040816326531, 'all_gold_recalled_rate': 0.05102040816326531, 'edge_precision': 0.5986243631651795, 'edge_recall': 0.42027700190965495, 'overgen_ratio': 0.6820501210807332, 'n_records': 98, 'rank1_edge_precision': 0.5026117589893101, 'rank1_edge_recall': 0.27822619557313427, 'rank1_edge_f1': 0.35817868928330554, 'rank1_structure_recall': 0.030612244897959183, 'mean_forest_width': 5.928571428571429, 'graded_p': np.float64(0.7004389947906293), 'rank1_graded_p': np.float64(0.625761427818436), 'graded_r': np.float64(0.5225094551156555), 'rank1_graded_r': np.float64(0.34535487351399485), 'graded_f': np.float64(0.5781445972787621), 'rank1_graded_f': np.float64(0.4233458778749465), 'graded_overall': np.float64(0.6069841321767435), 'rank1_graded_overall': np.float64(0.4575480778263576), 'clause_count': 0.7704081632653063, 'rank1_clause_count': 0.6513605442176872, 'clause_kind': 0.7704081632653063, 'rank1_clause_kind': 0.6513605442176872, 'clause_struct': 0.7704081632653063, 'rank1_clause_struct': 0.6513605442176872}
[ 349.6s] evaluating [best] (model policy) ...
[ 487.2s] [best] holdout (best-of-6 + rank1 + forest width): {'sense_recall': 0.6528735632183909, 'slot_recall': 0.6567164179104478, 'structure_recall': 0.05102040816326531, 'all_gold_recalled_rate': 0.05102040816326531, 'edge_precision': 0.5986243631651795, 'edge_recall': 0.42027700190965495, 'overgen_ratio': 0.6820501210807332, 'n_records': 98, 'rank1_edge_precision': 0.5026117589893101, 'rank1_edge_recall': 0.27822619557313427, 'rank1_edge_f1': 0.35817868928330554, 'rank1_structure_recall': 0.030612244897959183, 'mean_forest_width': 5.928571428571429, 'graded_p': np.float64(0.7004389947906293), 'rank1_graded_p': np.float64(0.625761427818436), 'graded_r': np.float64(0.5225094551156555), 'rank1_graded_r': np.float64(0.34535487351399485), 'graded_f': np.float64(0.5781445972787621), 'rank1_graded_f': np.float64(0.4233458778749465), 'graded_overall': np.float64(0.6069841321767435), 'rank1_graded_overall': np.float64(0.4575480778263576), 'clause_count': 0.7704081632653063, 'rank1_clause_count': 0.6513605442176872, 'clause_kind': 0.7704081632653063, 'rank1_clause_kind': 0.6513605442176872, 'clause_struct': 0.7704081632653063, 'rank1_clause_struct': 0.6513605442176872}
[ 487.2s] evaluating RANDOM baseline on holdout ...
[ 491.5s] holdout (random baseline): {'sense_recall': 0.027586206896551724, 'slot_recall': 0.0, 'structure_recall': 0.0, 'all_gold_recalled_rate': 0.0, 'edge_precision': 0.008843537414965987, 'edge_recall': 0.004166666666666667, 'overgen_ratio': 0.01904761904761905, 'n_records': 98}
[ 491.6s] saved BEST checkpoint (step=200, dev_rank1_f1=0.2809) -> runs/smoke/smoke_default.pt
[ 491.6s] saved LAST checkpoint -> runs/smoke/smoke_default.pt.last.pt
[ 491.6s] TOTAL wall-clock: 491.6s
