corpus: 16411 unique sentences
corpus glob: /home/user/NAOMI/consciousness_transformer/data/corpus/real_*.txt
forest policy: top1
workers: 4 (sharding 16411 sentences deterministically, contiguous chunks, byte-identical per-record output to single-process)
[ParserInputEncoder] top-k parse failed (Sentence too long (120 > 100)); no hypotheses.
[shard 1] ... 100/4103 (32s)
[shard 2] ... 100/4103 (53s)
[shard 1] ... 200/4103 (59s)
[shard 1] ... 300/4103 (91s)
[shard 3] ... 100/4102 (129s)
[shard 1] ... 400/4103 (137s)
[shard 0] ... 100/4103 (167s)
[shard 1] ... 500/4103 (187s)
[ParserInputEncoder] top-k parse failed (Sentence too long (140 > 100)); no hypotheses.
[shard 3] ... 200/4102 (216s)
[shard 2] ... 200/4103 (250s)
[shard 1] ... 600/4103 (280s)
[shard 0] ... 200/4103 (283s)
[shard 3] ... 300/4102 (300s)
[shard 0] ... 300/4103 (308s)
[shard 2] ... 300/4103 (359s)
[shard 1] ... 700/4103 (370s)
[shard 3] ... 400/4102 (401s)
[shard 0] ... 400/4103 (402s)
[ParserInputEncoder] top-k parse failed (maximum recursion depth exceeded); no hypotheses.
[shard 1] ... 800/4103 (432s)
[shard 2] ... 400/4103 (464s)
[shard 1] ... 900/4103 (465s)
[shard 0] ... 500/4103 (466s)
[shard 3] ... 500/4102 (473s)
[shard 1] ... 1000/4103 (494s)
[shard 2] ... 500/4103 (522s)
[shard 1] ... 1100/4103 (558s)
[shard 3] ... 600/4102 (563s)
[shard 0] ... 600/4103 (578s)
[shard 1] ... 1200/4103 (610s)
[shard 0] ... 700/4103 (629s)
[shard 1] ... 1300/4103 (634s)
[shard 2] ... 600/4103 (659s)
[shard 3] ... 700/4102 (676s)
[shard 1] ... 1400/4103 (685s)
[shard 3] ... 800/4102 (687s)
[shard 0] ... 800/4103 (708s)
[shard 1] ... 1500/4103 (713s)
[shard 1] ... 1600/4103 (759s)
[shard 3] ... 900/4102 (786s)
[shard 0] ... 900/4103 (792s)
[shard 2] ... 700/4103 (799s)
[shard 0] ... 1000/4103 (816s)
[shard 2] ... 800/4103 (866s)
[shard 1] ... 1700/4103 (888s)
[shard 0] ... 1100/4103 (919s)
[shard 1] ... 1800/4103 (938s)
[shard 3] ... 1000/4102 (940s)
[shard 0] ... 1200/4103 (964s)
[shard 3] ... 1100/4102 (965s)
[shard 1] ... 1900/4103 (1000s)
[shard 3] ... 1200/4102 (1018s)
[shard 0] ... 1300/4103 (1019s)
[shard 2] ... 900/4103 (1038s)
[shard 0] ... 1400/4103 (1069s)
[shard 2] ... 1000/4103 (1073s)
[shard 3] ... 1300/4102 (1093s)
[ParserInputEncoder] top-k parse failed (Sentence too long (104 > 100)); no hypotheses.
[shard 1] ... 2000/4103 (1116s)
[shard 3] ... 1400/4102 (1123s)
[shard 0] ... 1500/4103 (1130s)
[shard 2] ... 1100/4103 (1149s)
[shard 0] ... 1600/4103 (1158s)
[shard 1] ... 2100/4103 (1182s)
[shard 2] ... 1200/4103 (1184s)
[shard 3] ... 1500/4102 (1202s)
[shard 1] ... 2200/4103 (1220s)
[shard 3] ... 1600/4102 (1241s)
[shard 0] ... 1700/4103 (1254s)
[shard 3] ... 1700/4102 (1275s)
[shard 2] ... 1300/4103 (1303s)
[shard 1] ... 2300/4103 (1312s)
[shard 3] ... 1800/4102 (1337s)
[shard 2] ... 1400/4103 (1359s)
[shard 0] ... 1800/4103 (1395s)
[shard 1] ... 2400/4103 (1397s)
[shard 2] ... 1500/4103 (1423s)
[shard 1] ... 2500/4103 (1455s)
[shard 2] ... 1600/4103 (1475s)
[shard 0] ... 1900/4103 (1491s)
[shard 2] ... 1700/4103 (1507s)
[shard 0] ... 2000/4103 (1537s)
[shard 2] ... 1800/4103 (1546s)
[shard 1] ... 2600/4103 (1565s)
[shard 3] ... 1900/4102 (1574s)
[shard 2] ... 1900/4103 (1578s)
[shard 1] ... 2700/4103 (1586s)
[shard 0] ... 2100/4103 (1603s)
[shard 2] ... 2000/4103 (1612s)
[shard 0] ... 2200/4103 (1628s)
[shard 2] ... 2100/4103 (1634s)
[shard 1] ... 2800/4103 (1646s)
[shard 2] ... 2200/4103 (1654s)
[shard 3] ... 2000/4102 (1671s)
[shard 0] ... 2300/4103 (1695s)
[shard 1] ... 2900/4103 (1705s)
[shard 1] ... 3000/4103 (1746s)
[shard 2] ... 2300/4103 (1752s)
[shard 3] ... 2100/4102 (1754s)
[shard 0] ... 2400/4103 (1782s)
[shard 2] ... 2400/4103 (1827s)
[shard 3] ... 2200/4102 (1851s)
[shard 0] ... 2500/4103 (1862s)
[shard 3] ... 2300/4102 (1895s)
[shard 2] ... 2500/4103 (1902s)
[shard 1] ... 3100/4103 (1914s)
[shard 0] ... 2600/4103 (1954s)
[shard 0] ... 2700/4103 (1991s)
[shard 2] ... 2600/4103 (2062s)
[shard 0] ... 2800/4103 (2071s)
[shard 3] ... 2400/4102 (2073s)
[shard 1] ... 3200/4103 (2109s)
[shard 2] ... 2700/4103 (2172s)
[shard 0] ... 2900/4103 (2177s)
[shard 3] ... 2500/4102 (2194s)
[shard 0] ... 3000/4103 (2239s)
[shard 1] ... 3300/4103 (2244s)
[shard 3] ... 2600/4102 (2251s)
[shard 2] ... 2800/4103 (2292s)
[shard 0] ... 3100/4103 (2323s)
[shard 2] ... 2900/4103 (2332s)
[shard 1] ... 3400/4103 (2366s)
[shard 3] ... 2700/4102 (2374s)
[shard 0] ... 3200/4103 (2402s)
[shard 3] ... 2800/4102 (2432s)
[shard 2] ... 3000/4103 (2442s)
[shard 0] ... 3300/4103 (2482s)
[shard 3] ... 2900/4102 (2536s)
[shard 0] ... 3400/4103 (2560s)
[shard 1] ... 3500/4103 (2593s)
[shard 0] ... 3500/4103 (2615s)
[shard 3] ... 3000/4102 (2625s)
[shard 1] ... 3600/4103 (2690s)
[shard 0] ... 3600/4103 (2691s)
[shard 2] ... 3100/4103 (2714s)
[shard 1] ... 3700/4103 (2731s)
[shard 3] ... 3100/4102 (2740s)
[shard 1] ... 3800/4103 (2756s)
[shard 3] ... 3200/4102 (2785s)
[shard 0] ... 3700/4103 (2785s)
[shard 2] ... 3200/4103 (2787s)
[shard 3] ... 3300/4102 (2789s)
[shard 3] ... 3400/4102 (2799s)
[shard 3] ... 3500/4102 (2840s)
[shard 3] ... 3600/4102 (2851s)
[shard 1] ... 3900/4103 (2856s)
[shard 3] ... 3700/4102 (2860s)
[shard 2] ... 3300/4103 (2861s)
[shard 0] ... 3800/4103 (2871s)
[shard 3] ... 3800/4102 (2872s)
[shard 3] ... 3900/4102 (2878s)
[shard 3] ... 4000/4102 (2883s)
[shard 3] ... 4100/4102 (2890s)
[shard 0] ... 3900/4103 (2914s)
[shard 2] ... 3400/4103 (2959s)
[shard 0] ... 4000/4103 (2972s)
[shard 2] ... 3500/4103 (3014s)
[shard 1] ... 4000/4103 (3014s)
[shard 0] ... 4100/4103 (3015s)
[shard 1] ... 4100/4103 (3075s)
[shard 2] ... 3600/4103 (3103s)
[shard 2] ... 3700/4103 (3172s)
[shard 2] ... 3800/4103 (3209s)
[shard 2] ... 3900/4103 (3248s)
[shard 2] ... 4000/4103 (3290s)
[shard 2] ... 4100/4103 (3322s)
all 4 shards done (3343s)
wrote 10225 records -> runs/encoder_gold_v4b_16k.jsonl
outcomes: {'no-hypothesis': 4738, 'ok': 10225, 'grounding-fail': 1347, 'cap-hit': 101}
wrote stats -> dev/ENCODER_GOLD_V4B_16K_STATS.md
