OpSelect params=917 ArgSelect params=928 combined=1701 (budget: <=10000)
family_of_step coverage (train split): {'plain_fact': 27831, 'writeback_addr_redirect': 1805, 'definite_desc_read': 316, 'inverse_query': 254, 'recall_link': 400, 'pronoun_value_redirect': 400}
family_balance_weight (repair #1, inverse-frequency, global): {'plain_fact': 0.657, 'writeback_addr_redirect': 2.579, 'definite_desc_read': 6.163, 'inverse_query': 6.874, 'recall_link': 5.478, 'pronoun_value_redirect': 5.478}
/usr/local/lib/python3.11/dist-packages/torch/_compile.py:54: UserWarning: optimizer contains a parameter group with duplicate parameters; in future, this will cause an error; see github.com/pytorch/pytorch/issues/40967 for more information
  return disable_fn(*args, **kwargs)
/home/user/NAOMI/consciousness_transformer/scripts/../src/nsm_ct/provenance.py:88: UserWarning: Converting a tensor with requires_grad=True to a scalar may lead to unexpected behavior.
Consider using tensor.detach() first. (Triggered internally at /__w/pytorch/pytorch/torch/csrc/autograd/generated/python_variable_methods.cpp:822.)
  g = float(gate[i, t])
epoch   1/60 mean_loss=3.5062 trace_weight=1.000
epoch   2/60 mean_loss=1.9533 trace_weight=1.000
epoch   3/60 mean_loss=1.5346 trace_weight=1.000
epoch   4/60 mean_loss=1.4299 trace_weight=1.000
epoch   5/60 mean_loss=1.0562 trace_weight=1.000
epoch   6/60 mean_loss=0.8963 trace_weight=1.000
epoch   7/60 mean_loss=0.8519 trace_weight=1.000
epoch   8/60 mean_loss=0.7202 trace_weight=1.000
epoch   9/60 mean_loss=0.6669 trace_weight=1.000
epoch  10/60 mean_loss=0.5908 trace_weight=1.000
epoch  11/60 mean_loss=0.5483 trace_weight=1.000
epoch  12/60 mean_loss=0.5569 trace_weight=1.000
epoch  13/60 mean_loss=0.6241 trace_weight=1.000
epoch  14/60 mean_loss=0.5580 trace_weight=1.000
epoch  15/60 mean_loss=0.5116 trace_weight=1.000
epoch  16/60 mean_loss=0.4024 trace_weight=1.000
epoch  17/60 mean_loss=0.4659 trace_weight=1.000
epoch  18/60 mean_loss=0.3926 trace_weight=1.000
epoch  19/60 mean_loss=0.3193 trace_weight=1.000
epoch  20/60 mean_loss=0.3730 trace_weight=1.000
epoch  21/60 mean_loss=0.3870 trace_weight=1.000
epoch  22/60 mean_loss=0.3241 trace_weight=1.000
epoch  23/60 mean_loss=0.2454 trace_weight=1.000
epoch  24/60 mean_loss=0.2158 trace_weight=1.000
epoch  25/60 mean_loss=0.2484 trace_weight=1.000
epoch  26/60 mean_loss=0.3163 trace_weight=1.000
epoch  27/60 mean_loss=0.2322 trace_weight=1.000
epoch  28/60 mean_loss=0.1984 trace_weight=1.000
epoch  29/60 mean_loss=0.1854 trace_weight=1.000
epoch  30/60 mean_loss=0.2000 trace_weight=1.000
epoch  31/60 mean_loss=0.1888 trace_weight=1.000
epoch  32/60 mean_loss=0.1586 trace_weight=1.000
epoch  33/60 mean_loss=0.1317 trace_weight=1.000
epoch  34/60 mean_loss=0.1182 trace_weight=1.000
epoch  35/60 mean_loss=0.1130 trace_weight=1.000
epoch  36/60 mean_loss=0.1078 trace_weight=1.000
epoch  37/60 mean_loss=0.1051 trace_weight=1.000
epoch  38/60 mean_loss=0.1026 trace_weight=1.000
epoch  39/60 mean_loss=0.1018 trace_weight=1.000
epoch  40/60 mean_loss=0.0976 trace_weight=1.000
epoch  41/60 mean_loss=0.0935 trace_weight=1.000
epoch  42/60 mean_loss=0.0948 trace_weight=1.000
epoch  43/60 mean_loss=0.0923 trace_weight=1.000
epoch  44/60 mean_loss=0.0891 trace_weight=1.000
epoch  45/60 mean_loss=0.0843 trace_weight=1.000
epoch  46/60 mean_loss=0.0822 trace_weight=1.000
epoch  47/60 mean_loss=0.0795 trace_weight=1.000
epoch  48/60 mean_loss=0.0793 trace_weight=1.000
epoch  49/60 mean_loss=0.0774 trace_weight=1.000
epoch  50/60 mean_loss=0.0769 trace_weight=1.000
epoch  51/60 mean_loss=0.0716 trace_weight=1.000
epoch  52/60 mean_loss=0.0669 trace_weight=1.000
epoch  53/60 mean_loss=0.0637 trace_weight=1.000
epoch  54/60 mean_loss=0.0650 trace_weight=1.000
epoch  55/60 mean_loss=0.0680 trace_weight=1.000
epoch  56/60 mean_loss=0.0691 trace_weight=1.000
epoch  57/60 mean_loss=0.0811 trace_weight=1.000
epoch  58/60 mean_loss=0.1438 trace_weight=1.000
epoch  59/60 mean_loss=0.1221 trace_weight=1.000
epoch  60/60 mean_loss=0.1159 trace_weight=1.000
training wall-clock: 95.38 min

=== EVAL (LOFO held-out family: inverse_query) ===
corpus        learned   oracle    floor      gap
old_l1_6        0.240    0.240    0.240   +0.000  WARN: cell uninformative (|gap|<0.05)
writeback       1.000    1.000    0.540   +0.460
instance        0.720    0.720    0.450   +0.270
rich            0.750    0.750    0.410   +0.340
pronoun         0.980    0.980    0.820   +0.160
document        0.530    0.530    0.240   +0.290
-- per-program-family op/arg-selection accuracy (vs gold trace), family-balanced (repair #1) --
  plain_fact                 weight= 0.657 op_acc= 1.000 (n=4916) arg_acc=   n/a (n=0)
  pronoun_value_redirect     weight= 5.478 op_acc= 1.000 (n=100 ) arg_acc= 1.000 (n=100)
  writeback_addr_redirect    weight= 2.579 op_acc= 1.000 (n=431 ) arg_acc= 1.000 (n=431)
  definite_desc_read         weight= 6.163 op_acc= 0.896 (n=77  ) arg_acc= 1.000 (n=77)
  inverse_query              weight= 6.874 op_acc= 0.000 (n=53  ) arg_acc=   n/a (n=0)
  recall_link                weight= 5.478 op_acc= 1.000 (n=100 ) arg_acc= 1.000 (n=100)
write_violations (total)=0

[LOFO SMOKE NUMBERS -- do NOT gate on these] held-out family='inverse_query' (primary corpus source='instance'): learned_acc=0.720 oracle_acc=0.720 floor_acc=0.450 gap=+0.270

[kill-criteria] forward/clause=142.9341ms run_learned/clause=146.5460ms ratio=1.03x k_max=12 peak_rss_mb=7122.3
