=== instance-mix (force-binding=wrong) track=A: 1500 eps (500 writeback, 500 instance, inverse_frac=0.3), dim=48, epochs=60 ===
  [track-A] epoch   1 loss=2.260 val=0.277
  [track-A] epoch  20 loss=1.573 val=0.430
  [track-A] epoch  40 loss=1.031 val=0.420
  [track-A] epoch  60 loss=0.614 val=0.397
  [track-A] val total=0.397  resolver_params=2521  time=127.26 min
    kind instance: 29/104 = 0.279
    kind old: 90/104 = 0.865
    kind writeback: 0/92 = 0.000
    writeback/referent_targeted: 0/44 = 0.000
    writeback/other_targeted: 0/48 = 0.000
    instance/ambiguous_name/other_targeted: 12/18 = 0.667
    instance/ambiguous_name/referent_targeted: 4/9 = 0.444
    instance/definite_description/other_targeted: 3/18 = 0.167
    instance/definite_description/referent_targeted: 3/13 = 0.231
    instance/pronoun/other_targeted: 3/11 = 0.273
    instance/pronoun/referent_targeted: 0/6 = 0.000
    instance/inverse_query: 4/29 = 0.138
  [track-A] BINDING ACCURACY overall=0.655 (n=238) vs baseline chance
    binding/instance: acc=0.438 (n=146)
    binding/writeback: acc=1.000 (n=92)
  [track-A] margin distribution: min=0.000 p25=0.320 median=0.677 p75=0.857 max=1.914
