=== document (LTM) (cheat) track=A: 600 documents (n_passages=2), dim=48, epochs=40, batch_size=32, trust_ltm=None ===
/home/user/NAOMI/consciousness_transformer/scripts/../src/nsm_ct/provenance.py:88: UserWarning: Converting a tensor with requires_grad=True to a scalar may lead to unexpected behavior.
Consider using tensor.detach() first. (Triggered internally at /__w/pytorch/pytorch/torch/csrc/autograd/generated/python_variable_methods.cpp:822.)
  g = float(gate[i, t])
  [track-A] epoch   1 loss=1.321 val_acc=0.333 link_acc=nan
  [track-A] epoch   5 loss=0.983 val_acc=0.492 link_acc=nan
  [track-A] epoch  10 loss=0.292 val_acc=0.467 link_acc=nan
  [track-A] epoch  15 loss=0.195 val_acc=0.483 link_acc=nan
  [track-A] epoch  20 loss=0.069 val_acc=0.483 link_acc=nan
  [track-A] epoch  25 loss=0.074 val_acc=0.517 link_acc=nan
  [track-A] epoch  30 loss=0.051 val_acc=0.508 link_acc=nan
  [track-A] epoch  35 loss=0.043 val_acc=0.500 link_acc=nan
  [track-A] epoch  40 loss=0.051 val_acc=0.517 link_acc=nan
  [track-A] FINAL n_documents=600 (train=480, val=120) resolver_params=2713 time=19.21 min peak_rss_mb=1214.1
  [track-A] kind document: total_acc=0.517 (n=120)
    document/i: 0.391 (n=46)
    document/ii: 0.732 (n=56)
    document/iii: 0.167 (n=18)
    document/new: 0.387 (n=62)
    document/same: 0.655 (n=58)
  [track-A] n_promoted mean=3.34
    per_passage/0: 1.000
    per_passage/1: 0.517
