=== document (LTM) (no-gold-eval) track=A: 600 documents (n_passages=2), dim=48, epochs=40, batch_size=32, trust_ltm=None ===
/home/user/NAOMI/consciousness_transformer/scripts/../src/nsm_ct/provenance.py:88: UserWarning: Converting a tensor with requires_grad=True to a scalar may lead to unexpected behavior.
Consider using tensor.detach() first. (Triggered internally at /__w/pytorch/pytorch/torch/csrc/autograd/generated/python_variable_methods.cpp:822.)
  g = float(gate[i, t])
  [track-A] epoch   1 loss=1.650 val_acc=0.342 link_acc=nan
  [track-A] epoch   5 loss=0.609 val_acc=0.608 link_acc=nan
  [track-A] epoch  10 loss=0.117 val_acc=0.825 link_acc=nan
  [track-A] epoch  15 loss=0.074 val_acc=0.908 link_acc=nan
  [track-A] epoch  20 loss=0.033 val_acc=0.908 link_acc=nan
  [track-A] epoch  25 loss=0.035 val_acc=0.942 link_acc=nan
  [track-A] epoch  30 loss=0.034 val_acc=0.933 link_acc=nan
  [track-A] epoch  35 loss=0.032 val_acc=0.933 link_acc=nan
  [track-A] epoch  40 loss=0.045 val_acc=0.933 link_acc=nan
  [track-A] FINAL n_documents=600 (train=480, val=120) resolver_params=2713 time=23.68 min peak_rss_mb=1224.0
  [track-A] kind document: total_acc=0.933 (n=120)
    document/i: 0.913 (n=46)
    document/ii: 0.946 (n=56)
    document/iii: 0.944 (n=18)
    document/new: 0.968 (n=62)
    document/same: 0.897 (n=58)
  [track-A] n_promoted mean=9.22
    per_passage/0: 1.000
    per_passage/1: 0.933
