=== instance-mix (no-gold-eval) track=A: 1500 eps (350 writeback, 350 instance, 450 rich, inverse_frac=0.3, rich_frac=0.3), dim=48, epochs=60, batch_size=64 ===
  [track-A] epoch   1 loss=2.179 val=0.300
  [track-A] epoch  20 loss=0.113 val=0.877
  [track-A] epoch  40 loss=0.105 val=0.890
  [track-A] epoch  60 loss=0.051 val=0.887
  [track-A] val total=0.887  resolver_params=2761  time=170.91 min  peak_rss_mb=6501.1
  [track-A] CLEANUP: abstain_rate=0.093 acc_when_confident=0.926 (n=272) vs overall=0.887 (n=300)
    kind instance: 56/67 = 0.836
    kind old: 60/67 = 0.896
    kind rich: 82/98 = 0.837
    kind writeback: 68/68 = 1.000
    writeback/referent_targeted: 36/36 = 1.000
    writeback/other_targeted: 32/32 = 1.000
    instance/ambiguous_name/other_targeted: 8/8 = 1.000
    instance/ambiguous_name/referent_targeted: 4/4 = 1.000
    instance/definite_description/other_targeted: 11/11 = 1.000
    instance/definite_description/referent_targeted: 9/10 = 0.900
    instance/pronoun/other_targeted: 13/15 = 0.867
    instance/pronoun/referent_targeted: 3/5 = 0.600
    instance/inverse_query: 8/14 = 0.571
    rich/ambiguous_name/overwritten: 2/2 = 1.000
    rich/definite_description/overwritten: 8/11 = 0.727
    rich/none/baseline: 52/53 = 0.981
    rich/pronoun/overwritten: 1/1 = 1.000
    rich/by_n_entities/3: 13/17 = 0.765
    rich/by_n_entities/4: 18/22 = 0.818
    rich/by_n_entities/5: 9/10 = 0.900
    rich/by_n_entities/6: 18/21 = 0.857
    rich/by_n_entities/7: 10/12 = 0.833
    rich/by_n_entities/8: 14/16 = 0.875
    rich/inverse_query: 19/31 = 0.613
  [track-A] inverse_direct_acc: 0/45 = 0.000  (direct similarity(query_entity_readout, options) route, vs the learned-head instance/inverse_query + rich/inverse_query accuracy above)
